// Jest Snapshot v1, https://goo.gl/fbAQLP

exports[`renders correctly 1`] = `"<img src="mock.jpg" class="Spinner my-spinner" style="margin:1rem" alt=""/>"`;

exports[`renders padding CSS class 1`] = `"<img src="mock.jpg" class="Spinner Spinner--withPadding" alt=""/>"`;
