<?xml version="1.0" encoding="UTF-8"?>
<CMD xmlns="http://www.clarin.eu/cmd/" xmlns:xsi="http://www.w3.org/2001/XMLSchema-instance" CMDVersion="1.1" xsi:schemaLocation="http://www.clarin.eu/cmd/ http://catalog.clarin.eu/ds/ComponentRegistry/rest/registry/profiles/clarin.eu:cr1:p_1387365569699/xsd">
  <Header>
    <MdCreator>Nokogiri</MdCreator>
    <MdCreationDate>2021-01-01</MdCreationDate>
    <MdSelfLink/>
    <MdProfile>clarin.eu:cr1:p_1387365569699</MdProfile>
    <MdCollectionDisplayName>Bavarian Archive for Speech Signals (BAS)</MdCollectionDisplayName>
  </Header>
  <Resources>
    <ResourceProxyList>
      <ResourceProxy id="c_0000000001">
        <ResourceType mimetype="text/xml">Metadata</ResourceType>
        <ResourceRef>za_001/za_001.xml</ResourceRef>
      </ResourceProxy>
      <ResourceProxy id="c_0000000002">
        <ResourceType mimetype="text/xml">Metadata</ResourceType>
        <ResourceRef>za_002/za_002.xml</ResourceRef>
      </ResourceProxy>
      <ResourceProxy id="c_0000000003">
        <ResourceType mimetype="text/xml">Metadata</ResourceType>
        <ResourceRef>za_003/za_003.xml</ResourceRef>
      </ResourceProxy>
      <ResourceProxy id="d_0000000001">
        <ResourceType mimetype="application/zip">Resource</ResourceType>
        <ResourceRef>CLARINDocu.zip</ResourceRef>
      </ResourceProxy>
    </ResourceProxyList>
    <JournalFileProxyList/>
    <ResourceRelationList/>
  </Resources>
  <Components>
    <media-corpus-profile>
      <DocumentationURL lang="ISO639-3:deu" startingpoint="true">http://www.example.com/archive/</DocumentationURL>
      <Collection>
        <GeneralInfo>
          <Name>ohd_test_001</Name>
          <Title>OH.D The Test Archive</Title>
          <ID>ohd_test_001</ID>
          <Owner>Free University of Berlin</Owner>
          <PublicationYear>2000</PublicationYear>
          <Description>
            <Description LanguageID="ISO639-3:eng">This archive exists for testing purposes onlyâ€¦</Description>
          </Description>
        </GeneralInfo>
        <OriginLocation>
          <Location>
            <Country>
              <Code>DE</Code>
            </Country>
          </Location>
        </OriginLocation>
        <Creators>
          <Creator>
            <Role>Producer</Role>
            <Contact>
              <Person>Alice Henderson</Person>
              <Email>alice@example.com</Email>
              <Organisation>Alice Henderson University</Organisation>
              <Website>https://www.ahu.edu</Website>
            </Contact>
          </Creator>
        </Creators>
        <DocumentationLanguages>
          <Language>
            <LanguageName>English</LanguageName>
            <ISO639>
              <iso-639-3-code>eng</iso-639-3-code>
            </ISO639>
          </Language>
          <Language>
            <LanguageName>German</LanguageName>
            <ISO639>
              <iso-639-3-code>deu</iso-639-3-code>
            </ISO639>
          </Language>
          <Language>
            <LanguageName>French</LanguageName>
            <ISO639>
              <iso-639-3-code>fra</iso-639-3-code>
            </ISO639>
          </Language>
        </DocumentationLanguages>
        <Access>
          <Availability>RES</Availability>
          <Availability>BAS:ohd_test_001</Availability>
          <DistributionMedium>online</DistributionMedium>
          <Contact>
            <Person>Florian Schiel</Person>
            <Address>Institute of Phonetics, Schellingstr. 3, 80799 Munich, Germany</Address>
            <Email>bas@bas.uni-muenchen.de</Email>
            <Organisation>LMU Munich</Organisation>
            <Telephone>+498921802758</Telephone>
            <Website>http://hdl.handle.net/11858/00-1779-0000-000C-DAAF-B</Website>
          </Contact>
        </Access>
        <CollectionType>
          <CollectionType>video</CollectionType>
          <CollectionType>audio</CollectionType>
          <CollectionType>text</CollectionType>
        </CollectionType>
      </Collection>
      <Corpus>
        <AnnotationTypes>
          <AnnotationType>
            <AnnotationType>Orthography</AnnotationType>
          </AnnotationType>
        </AnnotationTypes>
        <Size>
          <TotalSize>
            <Number>3</Number>
            <SizeUnit>interview</SizeUnit>
          </TotalSize>
        </Size>
        <SubjectLanguages>
          <SubjectLanguage>
            <Dominant>true</Dominant>
            <SourceLanguage>false</SourceLanguage>
            <Language>
              <LanguageName>Greek, Modern (1453-)</LanguageName>
              <ISO639>
                <iso-639-3-code>ell</iso-639-3-code>
              </ISO639>
            </Language>
          </SubjectLanguage>
        </SubjectLanguages>
        <Modality>
          <Modality>Spoken</Modality>
          <Modality>Written</Modality>
        </Modality>
      </Corpus>
      <SpeechCorpus>
        <SpeechTechnicalMetadata>
          <MimeType>
            <MimeType>video/mp4</MimeType>
          </MimeType>
          <MimeType>
            <MimeType>audio/x-wav</MimeType>
          </MimeType>
        </SpeechTechnicalMetadata>
      </SpeechCorpus>
    </media-corpus-profile>
  </Components>
</CMD>
