// Jest Snapshot v1, https://goo.gl/fbAQLP

exports[`renders correctly 1`] = `
<span
  className="flyout-sub-tabs-content-ico-link"
  onClick={[Function]}
  title="Bearbeiten"
>
  <i
    className="fa fa-pencil"
  />
  Bearbeiten
</span>
`;
